Release 13.4 - xst O.87xd (nt64)
Copyright (c) 1995-2011 Xilinx, Inc.  All rights reserved.
--> Parameter TMPDIR set to xst/projnav.tmp


Total REAL time to Xst completion: 0.00 secs
Total CPU time to Xst completion: 0.19 secs
 
--> Parameter xsthdpdir set to xst


Total REAL time to Xst completion: 0.00 secs
Total CPU time to Xst completion: 0.19 secs
 
--> Reading design: HelloWord.prj

TABLE OF CONTENTS
  1) Synthesis Options Summary
  2) HDL Compilation
  3) Design Hierarchy Analysis
  4) HDL Analysis
  5) HDL Synthesis
     5.1) HDL Synthesis Report
  6) Advanced HDL Synthesis
     6.1) Advanced HDL Synthesis Report
  7) Low Level Synthesis
  8) Partition Report
  9) Final Report
	9.1) Device utilization summary
	9.2) Partition Resource Summary
	9.3) TIMING REPORT


=========================================================================
*                      Synthesis Options Summary                        *
=========================================================================
---- Source Parameters
Input File Name                    : "HelloWord.prj"
Input Format                       : mixed
Ignore Synthesis Constraint File   : NO

---- Target Parameters
Output File Name                   : "HelloWord"
Output Format                      : NGC
Target Device                      : xc3s700an-5-fgg484

---- Source Options
Top Module Name                    : HelloWord
Automatic FSM Extraction           : YES
FSM Encoding Algorithm             : Auto
Safe Implementation                : No
FSM Style                          : LUT
RAM Extraction                     : Yes
RAM Style                          : Auto
ROM Extraction                     : Yes
Mux Style                          : Auto
Decoder Extraction                 : YES
Priority Encoder Extraction        : Yes
Shift Register Extraction          : YES
Logical Shifter Extraction         : YES
XOR Collapsing                     : YES
ROM Style                          : Auto
Mux Extraction                     : Yes
Resource Sharing                   : YES
Asynchronous To Synchronous        : NO
Multiplier Style                   : Auto
Automatic Register Balancing       : No

---- Target Options
Add IO Buffers                     : YES
Global Maximum Fanout              : 500
Add Generic Clock Buffer(BUFG)     : 24
Register Duplication               : YES
Slice Packing                      : YES
Optimize Instantiated Primitives   : NO
Use Clock Enable                   : Yes
Use Synchronous Set                : Yes
Use Synchronous Reset              : Yes
Pack IO Registers into IOBs        : Auto
Equivalent register Removal        : YES

---- General Options
Optimization Goal                  : Speed
Optimization Effort                : 1
Keep Hierarchy                     : No
Netlist Hierarchy                  : As_Optimized
RTL Output                         : Yes
Global Optimization                : AllClockNets
Read Cores                         : YES
Write Timing Constraints           : NO
Cross Clock Analysis               : NO
Hierarchy Separator                : /
Bus Delimiter                      : <>
Case Specifier                     : Maintain
Slice Utilization Ratio            : 100
BRAM Utilization Ratio             : 100
Verilog 2001                       : YES
Auto BRAM Packing                  : NO
Slice Utilization Ratio Delta      : 5

=========================================================================


=========================================================================
*                          HDL Compilation                              *
=========================================================================
Compiling verilog file "HelloWord.v" in library work
Module <HelloWord> compiled
No errors in compilation
Analysis of file <"HelloWord.prj"> succeeded.
 

=========================================================================
*                     Design Hierarchy Analysis                         *
=========================================================================
Analyzing hierarchy for module <HelloWord> in library <work>.


=========================================================================
*                            HDL Analysis                               *
=========================================================================
Analyzing top module <HelloWord>.
Module <HelloWord> is correct for synthesis.
 

=========================================================================
*                           HDL Synthesis                               *
=========================================================================

Performing bidirectional port resolution...

Synthesizing Unit <HelloWord>.
    Related source file is "HelloWord.v".
WARNING:Xst:643 - "HelloWord.v" line 29: The result of a 4x4-bit multiplication is partially used. Only the 5 least significant bits are used. If you are doing this on purpose, you may safely ignore this warning. Otherwise, make sure you are not losing information, leading to unexpected circuit behavior.
    Found 5-bit up accumulator for signal <c>.
    Found 4x4-bit multiplier for signal <c$mult0001> created at line 29.
    Summary:
	inferred   1 Accumulator(s).
	inferred   1 Multiplier(s).
Unit <HelloWord> synthesized.


=========================================================================
HDL Synthesis Report

Macro Statistics
# Multipliers                                          : 1
 4x4-bit multiplier                                    : 1
# Accumulators                                         : 1
 5-bit up accumulator                                  : 1

=========================================================================

=========================================================================
*                       Advanced HDL Synthesis                          *
=========================================================================


=========================================================================
Advanced HDL Synthesis Report

Macro Statistics
# Multipliers                                          : 1
 4x4-bit multiplier                                    : 1
# Accumulators                                         : 1
 5-bit up accumulator                                  : 1

=========================================================================

=========================================================================
*                         Low Level Synthesis                           *
=========================================================================

Optimizing unit <HelloWord> ...

Mapping all equations...
Building and optimizing final netlist ...
Found area constraint ratio of 100 (+ 5) on block HelloWord, actual ratio is 0.

Final Macro Processing ...

=========================================================================
Final Register Report

Macro Statistics
# Registers                                            : 5
 Flip-Flops                                            : 5

=========================================================================

=========================================================================
*                           Partition Report                            *
=========================================================================

Partition Implementation Status
-------------------------------

  No Partitions were found in this design.

-------------------------------

=========================================================================
*                            Final Report                               *
=========================================================================
Final Results
RTL Top Level Output File Name     : HelloWord.ngr
Top Level Output File Name         : HelloWord
Output Format                      : NGC
Optimization Goal                  : Speed
Keep Hierarchy                     : No

Design Statistics
# IOs                              : 14

Cell Usage :
# BELS                             : 15
#      GND                         : 1
#      LUT2                        : 5
#      MUXCY                       : 4
#      XORCY                       : 5
# FlipFlops/Latches                : 5
#      FD                          : 5
# Clock Buffers                    : 1
#      BUFGP                       : 1
# IO Buffers                       : 13
#      IBUF                        : 8
#      OBUF                        : 5
# MULTs                            : 1
#      MULT18X18SIO                : 1
=========================================================================

Device utilization summary:
---------------------------

Selected Device : 3s700anfgg484-5 

 Number of Slices:                        3  out of   5888     0%  
 Number of Slice Flip Flops:              5  out of  11776     0%  
 Number of 4 input LUTs:                  5  out of  11776     0%  
 Number of IOs:                          14
 Number of bonded IOBs:                  14  out of    372     3%  
 Number of MULT18X18SIOs:                 1  out of     20     5%  
 Number of GCLKs:                         1  out of     24     4%  

---------------------------
Partition Resource Summary:
---------------------------

  No Partitions were found in this design.

---------------------------


=========================================================================
TIMING REPORT

NOTE: THESE TIMING NUMBERS ARE ONLY A SYNTHESIS ESTIMATE.
      FOR ACCURATE TIMING INFORMATION PLEASE REFER TO THE TRACE REPORT
      GENERATED AFTER PLACE-and-ROUTE.

Clock Information:
------------------
-----------------------------------+------------------------+-------+
Clock Signal                       | Clock buffer(FF name)  | Load  |
-----------------------------------+------------------------+-------+
clk                                | BUFGP                  | 5     |
-----------------------------------+------------------------+-------+

Asynchronous Control Signals Information:
----------------------------------------
No asynchronous control signals found in this design

Timing Summary:
---------------
Speed Grade: -5

   Minimum period: 3.072ns (Maximum Frequency: 325.526MHz)
   Minimum input arrival time before clock: 7.044ns
   Maximum output required time after clock: 5.271ns
   Maximum combinational path delay: No path found

Timing Detail:
--------------
All values displayed in nanoseconds (ns)

=========================================================================
Timing constraint: Default period analysis for Clock 'clk'
  Clock period: 3.072ns (frequency: 325.526MHz)
  Total number of paths / destination ports: 25 / 5
-------------------------------------------------------------------------
Delay:               3.072ns (Levels of Logic = 6)
  Source:            c_0 (FF)
  Destination:       c_4 (FF)
  Source Clock:      clk rising
  Destination Clock: clk rising

  Data Path: c_0 to c_4
                                Gate     Net
    Cell:in->out      fanout   Delay   Delay  Logical Name (Net Name)
    ----------------------------------------  ------------
     FD:C->Q               2   0.495   0.446  c_0 (c_0)
     LUT2:I1->O            1   0.562   0.000  Maccum_c_lut<0> (Maccum_c_lut<0>)
     MUXCY:S->O            1   0.523   0.000  Maccum_c_cy<0> (Maccum_c_cy<0>)
     MUXCY:CI->O           1   0.065   0.000  Maccum_c_cy<1> (Maccum_c_cy<1>)
     MUXCY:CI->O           1   0.065   0.000  Maccum_c_cy<2> (Maccum_c_cy<2>)
     MUXCY:CI->O           0   0.065   0.000  Maccum_c_cy<3> (Maccum_c_cy<3>)
     XORCY:CI->O           1   0.654   0.000  Maccum_c_xor<4> (Result<4>)
     FD:D                      0.197          c_4
    ----------------------------------------
    Total                      3.072ns (2.626ns logic, 0.446ns route)
                                       (85.5% logic, 14.5% route)

=========================================================================
Timing constraint: Default OFFSET IN BEFORE for Clock 'clk'
  Total number of paths / destination ports: 68 / 5
-------------------------------------------------------------------------
Offset:              7.044ns (Levels of Logic = 8)
  Source:            a<0> (PAD)
  Destination:       c_4 (FF)
  Destination Clock: clk rising

  Data Path: a<0> to c_4
                                Gate     Net
    Cell:in->out      fanout   Delay   Delay  Logical Name (Net Name)
    ----------------------------------------  ------------
     IBUF:I->O             1   0.824   0.357  a_0_IBUF (a_0_IBUF)
     MULT18X18SIO:A0->P0    1   3.268   0.465  Mmult_c_mult0001 (c_mult0001<0>)
     LUT2:I0->O            1   0.561   0.000  Maccum_c_lut<0> (Maccum_c_lut<0>)
     MUXCY:S->O            1   0.523   0.000  Maccum_c_cy<0> (Maccum_c_cy<0>)
     MUXCY:CI->O           1   0.065   0.000  Maccum_c_cy<1> (Maccum_c_cy<1>)
     MUXCY:CI->O           1   0.065   0.000  Maccum_c_cy<2> (Maccum_c_cy<2>)
     MUXCY:CI->O           0   0.065   0.000  Maccum_c_cy<3> (Maccum_c_cy<3>)
     XORCY:CI->O           1   0.654   0.000  Maccum_c_xor<4> (Result<4>)
     FD:D                      0.197          c_4
    ----------------------------------------
    Total                      7.044ns (6.222ns logic, 0.822ns route)
                                       (88.3% logic, 11.7% route)

=========================================================================
Timing constraint: Default OFFSET OUT AFTER for Clock 'clk'
  Total number of paths / destination ports: 5 / 5
-------------------------------------------------------------------------
Offset:              5.271ns (Levels of Logic = 1)
  Source:            c_4 (FF)
  Destination:       c<4> (PAD)
  Source Clock:      clk rising

  Data Path: c_4 to c<4>
                                Gate     Net
    Cell:in->out      fanout   Delay   Delay  Logical Name (Net Name)
    ----------------------------------------  ------------
     FD:C->Q               2   0.495   0.380  c_4 (c_4)
     OBUF:I->O                 4.396          c_4_OBUF (c<4>)
    ----------------------------------------
    Total                      5.271ns (4.891ns logic, 0.380ns route)
                                       (92.8% logic, 7.2% route)

=========================================================================


Total REAL time to Xst completion: 6.00 secs
Total CPU time to Xst completion: 6.09 secs
 
--> 

Total memory usage is 272224 kilobytes

Number of errors   :    0 (   0 filtered)
Number of warnings :    1 (   0 filtered)
Number of infos    :    0 (   0 filtered)

